[robosuite WARNING] No private macro file found! (macros.py:53)
[robosuite WARNING] It is recommended to use a private macro file (macros.py:54)
[robosuite WARNING] To setup, run: python /root/gpufree-data/vla-workspace/openpi/examples/libero/.venv/lib/python3.8/site-packages/robosuite/scripts/setup_macros.py (macros.py:55)
/root/gpufree-data/vla-workspace/openpi/examples/libero/.venv/lib/python3.8/site-packages/numba/np/arraymath.py:3845: DeprecationWarning: `np.MachAr` is deprecated (NumPy 1.22).
  @overload(np.MachAr)
[info] using task orders [0, 1, 2, 3, 4, 5, 6, 7, 8, 9]
{
  "final_state": "reobserve_and_replan",
  "escape_steps": 126,
  "trace_rows": 598,
  "last_rows": [
    {
      "phase": "replan_execute",
      "replan_index": 21,
      "microstep_index": 0,
      "microstep_count": 6,
      "raw_policy_action": [
        -0.3274355222288371,
        0.2575069724506138,
        -0.9120801327788234,
        0.018967308900148916,
        -0.06496307389800896,
        0.020133022699006353,
        -0.999753822334677
      ],
      "microstep_action": [
        -0.05457258703813952,
        0.04291782874176897,
        -0.15201335546313724,
        0.0031612181500248193,
        -0.010827178983001493,
        0.0033555037831677257,
        -0.999753822334677
      ],
      "actual_delta": [
        -0.0006400721906995362,
        0.0005347575606622496,
        -0.002156352610289458
      ],
      "collision_risk": 0.6066203714759366,
      "measured_response_state": "safe",
      "task_success": false
    },
    {
      "phase": "replan_execute",
      "replan_index": 21,
      "microstep_index": 1,
      "microstep_count": 6,
      "raw_policy_action": [
        -0.3274355222288371,
        0.2575069724506138,
        -0.9120801327788234,
        0.018967308900148916,
        -0.06496307389800896,
        0.020133022699006353,
        -0.999753822334677
      ],
      "microstep_action": [
        -0.05457258703813952,
        0.04291782874176897,
        -0.15201335546313724,
        0.0031612181500248193,
        -0.010827178983001493,
        0.0033555037831677257,
        -0.999753822334677
      ],
      "actual_delta": [
        -0.0006602591065276303,
        0.0005150860413808966,
        -0.0019851418185576897
      ],
      "collision_risk": 0.6327266035489553,
      "measured_response_state": "safe",
      "task_success": false
    },
    {
      "phase": "replan_execute",
      "replan_index": 21,
      "microstep_index": 2,
      "microstep_count": 6,
      "raw_policy_action": [
        -0.3274355222288371,
        0.2575069724506138,
        -0.9120801327788234,
        0.018967308900148916,
        -0.06496307389800896,
        0.020133022699006353,
        -0.999753822334677
      ],
      "microstep_action": [
        -0.05457258703813952,
        0.04291782874176897,
        -0.15201335546313724,
        0.0031612181500248193,
        -0.010827178983001493,
        0.0033555037831677257,
        -0.999753822334677
      ],
      "actual_delta": [
        -0.0006568809974629285,
        0.0005081612078718933,
        -0.0019444583730932052
      ],
      "collision_risk": 0.6564241441035777,
      "measured_response_state": "safe",
      "task_success": false
    },
    {
      "phase": "replan_execute",
      "replan_index": 21,
      "microstep_index": 3,
      "microstep_count": 6,
      "raw_policy_action": [
        -0.3274355222288371,
        0.2575069724506138,
        -0.9120801327788234,
        0.018967308900148916,
        -0.06496307389800896,
        0.020133022699006353,
        -0.999753822334677
      ],
      "microstep_action": [
        -0.05457258703813952,
        0.04291782874176897,
        -0.15201335546313724,
        0.0031612181500248193,
        -0.010827178983001493,
        0.0033555037831677257,
        -0.999753822334677
      ],
      "actual_delta": [
        -0.0006520930495813124,
        0.0005036206844073465,
        -0.001933119775653358
      ],
      "collision_risk": 0.6789822303712774,
      "measured_response_state": "safe",
      "task_success": false
    },
    {
      "phase": "replan_precheck",
      "replan_index": 21,
      "microstep_index": 4,
      "microstep_count": 6,
      "raw_policy_action": [
        -0.3274355222288371,
        0.2575069724506138,
        -0.9120801327788234,
        0.018967308900148916,
        -0.06496307389800896,
        0.020133022699006353,
        -0.999753822334677
      ],
      "microstep_action": [
        -0.05457258703813952,
        0.04291782874176897,
        -0.15201335546313724,
        0.0031612181500248193,
        -0.010827178983001493,
        0.0033555037831677257,
        -0.999753822334677
      ],
      "hard_gate": "safe",
      "hard_gate_reasons": [],
      "collision_risk": 0.8798062669149251,
      "collision_reasons": [
        "aggregate_collision_risk"
      ]
    }
  ]
}
